../Core/Src/main.c:84:6:write_lamp	48	static
../Core/Src/main.c:95:6:set_time	16	static
../Core/Src/main.c:102:6:get_and_write_time	16	static
../Core/Src/main.c:113:6:reset_lamps	8	static
../Core/Src/main.c:120:6:standart_test	16	static
../Core/Src/main.c:150:6:chmode_out	16	static
../Core/Src/main.c:156:6:chmode_in	16	static
../Core/Src/main.c:162:6:delay_us	16	static
../Core/Src/main.c:196:6:shift_out	32	static
../Core/Src/main.c:220:8:send_command	24	static
../Core/Src/main.c:225:8:send_args	24	static
../Core/Src/main.c:229:8:reset_TM	16	static
../Core/Src/main.c:239:8:print_num	24	static
../Core/Src/main.c:250:8:print_temp	16	static
../Core/Src/main.c:264:8:print_hum	16	static
../Core/Src/main.c:282:8:DHT22_Start	8	static
../Core/Src/main.c:294:11:DHT22_Check_Response	16	static
../Core/Src/main.c:311:11:DHT22_Read	16	static
../Core/Src/main.c:329:8:TH_read_write	24	static
../Core/Src/main.c:367:5:main	32	static
../Core/Src/main.c:432:6:SystemClock_Config	88	static
../Core/Src/main.c:471:6:HAL_RTCEx_WakeUpTimerEventCallback	16	static
../Core/Src/main.c:497:6:Error_Handler	4	static,ignoring_inline_asm
